C:\Users\Mi>scala
WARNING: An illegal reflective access operation has occurred
WARNING: Illegal reflective access by org.jline.terminal.impl.exec.ExecTerminalProvider$ReflectionRedirectPipeCreator (file:/C:/Users/Mi/AppData/Local/Coursier/cache/arc/https/github.com/scala/scala3/releases/download/3.7.0/scala3-3.7.0-x86_64-pc-win32.zip/scala3-3.7.0-x86_64-pc-win32/maven2/org/jline/jline-terminal/3.29.0/jline-terminal-3.29.0.jar) to constructor java.lang.ProcessBuilder$RedirectPipeImpl()
WARNING: Please consider reporting this to the maintainers of org.jline.terminal.impl.exec.ExecTerminalProvider$ReflectionRedirectPipeCreator
WARNING: Use --illegal-access=warn to enable warnings of further illegal reflective access operations
WARNING: All illegal access operations will be denied in a future release
Welcome to Scala 3.7.0 (11.0.27, Java OpenJDK 64-Bit Server VM).
Type in expressions for evaluation. Or try :help.

scala>

scala> val base = "Hello Scala! This is %s"
val base: String = Hello Scala! This is %s

scala> val name = "Сажин Егор"
val name: String = Сажин Егор

scala> println(base.format(name))
Hello Scala! This is Сажин Егор

scala> val greetings = List("Hola", "Guten Tag")
val greetings: List[String] = List(Hola, Guten Tag)

scala> greetings.foreach(g => println(base.replace("Hello", g).format(name)))
Hola Scala! This is Сажин Егор
Guten Tag Scala! This is Сажин Егор

scala> val reversedName = name.reverse
val reversedName: String = рогЕ нижаС

scala> greetings.foreach(g => println(base.replace("Hello", g).format(reversedName)))
Hola Scala! This is рогЕ нижаС
Guten Tag Scala! This is рогЕ нижаС